// Jest Snapshot v1, https://goo.gl/fbAQLP

exports[`should render CardList component 1`] = `
ShallowWrapper {
  Symbol(enzyme.__root__): [Circular],
  Symbol(enzyme.__unrendered__): <CardList
    robots={
        Array [
            Object {
              "email": "john@gmail.com",
              "id": 1,
              "name": "John",
            },
            Object {
              "email": "jane@gmail.com",
              "id": 2,
              "name": "Jane",
            },
            Object {
              "email": "jessie@gmail.com",
              "id": 3,
              "name": "Jessie",
            },
          ]
    }
/>,
  Symbol(enzyme.__renderer__): Object {
    "batchedUpdates": [Function],
    "getNode": [Function],
    "render": [Function],
    "simulateError": [Function],
    "simulateEvent": [Function],
    "unmount": [Function],
  },
  Symbol(enzyme.__node__): Object {
    "instance": null,
    "key": undefined,
    "nodeType": "host",
    "props": Object {
      "children": Array [
        <Card
          email="john@gmail.com"
          id={1}
          name="John"
/>,
        <Card
          email="jane@gmail.com"
          id={2}
          name="Jane"
/>,
        <Card
          email="jessie@gmail.com"
          id={3}
          name="Jessie"
/>,
      ],
    },
    "ref": null,
    "rendered": Array [
      Object {
        "instance": null,
        "key": "robotId0",
        "nodeType": "function",
        "props": Object {
          "email": "john@gmail.com",
          "id": 1,
          "name": "John",
        },
        "ref": null,
        "rendered": null,
        "type": [Function],
      },
      Object {
        "instance": null,
        "key": "robotId1",
        "nodeType": "function",
        "props": Object {
          "email": "jane@gmail.com",
          "id": 2,
          "name": "Jane",
        },
        "ref": null,
        "rendered": null,
        "type": [Function],
      },
      Object {
        "instance": null,
        "key": "robotId2",
        "nodeType": "function",
        "props": Object {
          "email": "jessie@gmail.com",
          "id": 3,
          "name": "Jessie",
        },
        "ref": null,
        "rendered": null,
        "type": [Function],
      },
    ],
    "type": "div",
  },
  Symbol(enzyme.__nodes__): Array [
    Object {
      "instance": null,
      "key": undefined,
      "nodeType": "host",
      "props": Object {
        "children": Array [
          <Card
            email="john@gmail.com"
            id={1}
            name="John"
/>,
          <Card
            email="jane@gmail.com"
            id={2}
            name="Jane"
/>,
          <Card
            email="jessie@gmail.com"
            id={3}
            name="Jessie"
/>,
        ],
      },
      "ref": null,
      "rendered": Array [
        Object {
          "instance": null,
          "key": "robotId0",
          "nodeType": "function",
          "props": Object {
            "email": "john@gmail.com",
            "id": 1,
            "name": "John",
          },
          "ref": null,
          "rendered": null,
          "type": [Function],
        },
        Object {
          "instance": null,
          "key": "robotId1",
          "nodeType": "function",
          "props": Object {
            "email": "jane@gmail.com",
            "id": 2,
            "name": "Jane",
          },
          "ref": null,
          "rendered": null,
          "type": [Function],
        },
        Object {
          "instance": null,
          "key": "robotId2",
          "nodeType": "function",
          "props": Object {
            "email": "jessie@gmail.com",
            "id": 3,
            "name": "Jessie",
          },
          "ref": null,
          "rendered": null,
          "type": [Function],
        },
      ],
      "type": "div",
    },
  ],
  Symbol(enzyme.__options__): Object {
    "adapter": ReactSixteenAdapter {
      "options": Object {
        "enableComponentDidUpdateOnSetState": true,
        "lifecycles": Object {
          "componentDidUpdate": Object {
            "onSetState": true,
          },
          "getDerivedStateFromProps": true,
          "getSnapshotBeforeUpdate": true,
          "setState": Object {
            "skipsComponentDidUpdateOnNullish": true,
          },
        },
      },
    },
    "attachTo": undefined,
    "hydrateIn": undefined,
  },
}
`;
